// Jest Snapshot v1, https://goo.gl/fbAQLP

exports[`renders a codemirror 1`] = `<span />`;
