// Jest Snapshot v1, https://goo.gl/fbAQLP

exports[`correctly renders keywords inside a comment 1`] = `
<pre
  languages={
    Array [
      "sql",
    ]
  }
  style={
    Object {
      "fontSize": "0.9em",
      "height": 510,
      "margin": 0,
      "overflow": "scroll",
    }
  }
>
  -- this comment contains a dash - do not highlight if drop table
select * from q2_on_time_data
where origin = 'SFO'
</pre>
`;
